<?xml version="1.0" encoding="ISO-8859-1"?>
<?xml-stylesheet type="text/xsl" href="helma.xsl"?>
<xmlroot xmlns:hop="http://www.helma.org/docs/guide/features/database">
  <hopobject id="1262" name="Page" prototype="Page" created="1286440350351" lastModified="1286550135161">
  <hop:parent idref="0" prototyperef="Root"/>
    <http_browser>Mozilla/5.0 (Windows; U; Windows NT 5.1; en-US; rv:1.9.2.10) Gecko/20100914 Firefox/3.6.10</http_browser>
    <lang>en-us</lang>
    <uri>challenge</uri>
    <http_host>beagleboard.org</http_host>
    <time type="date">08.10.2010 10:02:15 CDT</time>
    <pseudoparent idref="0" prototyperef="Root"/>
    <http_remotehost>127.0.0.1</http_remotehost>
    <hopsession>127.0.0.192.94.94.1b9ut582nkdts</hopsession>
    <user>blog.hangerhead.com</user>
    <body>
 &lt;h1&gt;Texas Instruments and University of Texas BeagleBoard Open Source Challenge&lt;/h1&gt;
 &lt;p&gt;
  For details about the challenge, visit
  &lt;a href=&quot;http://www.ti.com/beagleboardchallenge&quot;&gt;www.ti.com/beagleboardchallenge.&lt;/a&gt;
  Available for download here are:
 &lt;/p&gt;
 &lt;ul&gt;
  &lt;li&gt;
   &lt;a href=&quot;http://www.beagleboard.org/uploads/utclass-20101006.bz2&quot;&gt;the SD card image for the BeagleBoard training&lt;/a&gt;
  &lt;/li&gt;
  &lt;li&gt;
   &lt;a href=&quot;http://www.beagleboard.org/uploads/BeagleBoard101-20101007.pdf&quot;&gt;the training slides in PDF&lt;/a&gt;
  &lt;/li&gt;
 &lt;/ul&gt;
 &lt;h2&gt;Reflash the boards&lt;/h2&gt;
 &lt;p&gt;The boards did have an old bootloader in the flash.  To update the flash, connect up the serial port and run a serial terminal application, hold the USER button when you apply power, halt the boot by pressing ENTER, and then input the commands below following the &quot;OMAP3 beagleboard.org #&quot; lines:&lt;/p&gt;
 &lt;pre&gt;mmc init
fatload mmc 1 82000000 mlo
nandecc hw
nand erase 0 80000
nand write 82000000 0 20000
nand write 82000000 20000 20000
nand write 82000000 40000 20000
nand write 82000000 60000 20000
fatload mmc 1 80200000 u-boot.bin
nandecc sw
nand erase 80000 160000
nand write 80200000 80000 160000&lt;/pre&gt;
 &lt;h3&gt;Without holding down the USER button&lt;/h3&gt;
 &lt;pre&gt;Texas Instruments X-Loader 1.4.2 (Feb 19 2009 - 12:01:24)
Reading boot sector
Loading u-boot.bin from mmc


U-Boot 2010.03-dirty (Jun 05 2010 - 21:06:53)

OMAP3530-GP ES3.1, CPU-OPP2, L3-165MHz, Max clock-720Mhz
OMAP3 Beagle board + LPDDR/NAND
I2C:   ready&lt;/pre&gt;
 &lt;h3&gt;Here&apos;s with holding the USER button and typing in the commands&lt;/h3&gt;
 &lt;pre&gt;Texas Instruments X-Loader 1.4.4ss (May 28 2010 - 09:34:05)
Beagle Rev C4
Reading boot sector
Loading u-boot.bin from mmc


U-Boot 2010.03-dirty (Jun 05 2010 - 21:06:53)

OMAP3530-GP ES3.1, CPU-OPP2, L3-165MHz, Max clock-720Mhz
OMAP3 Beagle board + LPDDR/NAND
I2C:   ready
DRAM:  256 MB
NAND:  256 MiB
*** Warning - bad CRC or NAND, using default environment

In:    serial
Out:   serial
Err:   serial

Probing for expansion boards, if none are connected you&apos;ll see a harmless I2C error.

timed out in wait_for_pin: I2C_STAT=0
I2C read: I/O error
Unrecognized expansion board: 0
Beagle Rev C4
Die ID #0d3800040000000004037f680c01e010
Hit any key to stop autoboot:  0
OMAP3 beagleboard.org # mmc init
mmc1 is available
OMAP3 beagleboard.org # fatload mmc 1 82000000 mlo
reading mlo

24004 bytes read
OMAP3 beagleboard.org # nandecc hw
HW ECC selected
OMAP3 beagleboard.org # nand erase 0 80000

NAND erase: device 0 offset 0x0, size 0x80000
Erasing at 0x60000 -- 100% complete.
OK
OMAP3 beagleboard.org # nand write 82000000 0 20000

NAND write: device 0 offset 0x0, size 0x20000
 131072 bytes written: OK
OMAP3 beagleboard.org # nand write 82000000 20000 20000

NAND write: device 0 offset 0x20000, size 0x20000
 131072 bytes written: OK
OMAP3 beagleboard.org # nand write 82000000 40000 20000

NAND write: device 0 offset 0x40000, size 0x20000
 131072 bytes written: OK
OMAP3 beagleboard.org # nand write 82000000 60000 20000

NAND write: device 0 offset 0x60000, size 0x20000
 131072 bytes written: OK
OMAP3 beagleboard.org # fatload mmc 1 80200000 u-boot.bin
reading u-boot.bin

209300 bytes read
OMAP3 beagleboard.org # nandecc sw
SW ECC selected
OMAP3 beagleboard.org # nand erase 80000 160000

NAND erase: device 0 offset 0x80000, size 0x160000
Erasing at 0x1c0000 -- 100% complete.
OK
OMAP3 beagleboard.org # nand write 80200000 80000 160000

NAND write: device 0 offset 0x80000, size 0x160000
 1441792 bytes written: OK
OMAP3 beagleboard.org #&lt;/pre&gt;
 &lt;h3&gt;Rebooting the board I see&lt;/h3&gt;
 &lt;pre&gt;Texas Instruments X-Loader 1.4.4ss (May 28 2010 - 09:34:05)
Beagle Rev C4
Reading boot sector
Loading u-boot.bin from mmc


U-Boot 2010.03-dirty (Jun 05 2010 - 21:06:53)

OMAP3530-GP ES3.1, CPU-OPP2, L3-165MHz, Max clock-720Mhz
OMAP3 Beagle board + LPDDR/NAND
I2C:   ready
DRAM:  256 MB
NAND:  256 MiB
*** Warning - bad CRC or NAND, using default environment

In:    serial
Out:   serial
Err:   serial

Probing for expansion boards, if none are connected you&apos;ll see a harmless I2C error.

timed out in wait_for_pin: I2C_STAT=0
I2C read: I/O error
Unrecognized expansion board: 0
Beagle Rev C4
Die ID #0d3800040000000004037f680c01e010
Hit any key to stop autoboot:  0
mmc1 is available
The user button is currently pressed.
reading user.scr

435 bytes read
Running bootscript from mmc ...
## Executing script at 80200000
reading uImage

3190724 bytes read
reading ramdisk.gz

3088246 bytes read
## Booting kernel from Legacy Image at 80200000 ...
   Image Name:   Angstrom/2.6.32/beagleboard
   Image Type:   ARM Linux Kernel Image (uncompressed)
   Data Size:    3190660 Bytes =  3 MB
   Load Address: 80008000
   Entry Point:  80008000
   Verifying Checksum ... OK
   Loading Kernel Image ... OK
OK

Starting kernel ...

Uncompressing Linux.................................................................................................................
[    0.000000] Linux version 2.6.32 (koen@dominion) (gcc version 4.3.3 (GCC) ) #1 PREEMPT Fri May 21 11:47:56 CEST 2010
[    0.000000] CPU: ARMv7 Processor [411fc083] revision 3 (ARMv7), cr=10c53c7f
[    0.000000] CPU: VIPT nonaliasing data cache, VIPT nonaliasing instruction cache
[    0.000000] Machine: OMAP3 Beagle Board
[    0.000000] Memory policy: ECC disabled, Data cache writeback
[    0.000000] OMAP3430/3530 ES3.1 (l2cache iva sgx neon isp 720m )
[    0.000000] SRAM: Mapped pa 0x40200000 to va 0xfe400000 size: 0x100000
[    0.000000] Reserving 16777216 bytes SDRAM for VRAM
[    0.000000] Built 1 zonelists in Zone order, mobility grouping on.  Total pages: 57600
[    0.000000] Kernel command line: console=tty0 console=ttyS2,115200n8 mpurate=720 nohz=off vram=16M omapfb.mode=dvi:640x480MR-16@0
[    0.000000] PID hash table entries: 1024 (order: 0, 4096 bytes)
[    0.000000] Dentry cache hash table entries: 32768 (order: 5, 131072 bytes)
[    0.000000] Inode-cache hash table entries: 16384 (order: 4, 65536 bytes)
[    0.000000] Memory: 99MB 128MB = 227MB total
[    0.000000] Memory: 174012KB available (5888K code, 670K data, 204K init, 0K highmem)
[    0.000000] Hierarchical RCU implementation.
[    0.000000] NR_IRQS:402
[    0.000000] Clocking rate (Crystal/Core/MPU): 26.0/332/500 MHz
[    0.000000] Reprogramming SDRC clock to 332000000 Hz
[    0.000000] GPMC revision 5.0
[    0.000000] IRQ: Found an INTC at 0xfa200000 (revision 4.0) with 96 interrupts
[    0.000000] Total of 96 interrupts on 1 active controller
[    0.000000] OMAP GPIO hardware version 2.5
[    0.000000] OMAP clockevent source: GPTIMER12 at 32768 Hz
[    0.000000] Console: colour dummy device 80x30
[    0.000000] console [tty0] enabled
[    0.000000] Calibrating delay loop... 501.02 BogoMIPS (lpj=1957888)
[    0.000000] Mount-cache hash table entries: 512
[    0.000000] CPU: Testing write buffer coherency: ok
[    0.000000] tmpfs: No value for mount option &apos;mode&apos;
[    0.000000] devtmpfs: initialized
[    0.000000] regulator: core version 0.5
[    0.000000] NET: Registered protocol family 16
[    0.000000] Found NAND on CS0
[    0.000000] Registering NAND on CS0
[    0.000000] Unable to get DVI reset GPIO
[    0.000000] Target VDD1 OPP = 6, VDD2 OPP = 3
[   22.115112] OMAP DMA hardware revision 4.0
[   22.124237] bio: create slab  at 0
[   22.125915] SCSI subsystem initialized
[   22.127716] usbcore: registered new interface driver usbfs
[   22.127929] usbcore: registered new interface driver hub
[   22.128204] usbcore: registered new device driver usb
[   22.138244] i2c_omap i2c_omap.1: bus 1 rev3.12 at 2600 kHz
[   22.141387] twl4030: PIH (irq 7) chaining IRQs 368..375
[   22.141448] twl4030: power (irq 373) chaining IRQs 376..383
[   22.141845] twl4030: gpio (irq 368) chaining IRQs 384..401
[   22.143585] regulator: VUSB1V5: 1500 mV normal standby
[   22.143920] regulator: VUSB1V8: 1800 mV normal standby
[   22.144256] regulator: VUSB3V1: 3100 mV normal standby
[   22.145812] twl4030_usb twl4030_usb: Initialized TWL4030 USB module
[   22.146453] regulator: VMMC1: 1850 &amp;lt;--&gt; 3150 mV normal standby
[   22.146850] regulator: VDAC: 1800 mV normal standby
[   22.147186] regulator: VPLL2: 1800 mV normal standby
[   22.147552] regulator: VSIM: 1800 &amp;lt;--&gt; 3000 mV normal standby
[   22.147827] i2c_omap i2c_omap.2: bus 2 rev3.12 at 400 kHz
[   22.161773] i2c_omap i2c_omap.3: bus 3 rev3.12 at 100 kHz
[   22.163330] Switching to clocksource 32k_counter
[   22.175720] musb_hdrc: version 6.0, musb-dma, otg (peripheral+host), debug=0
[   22.178558] musb_hdrc: USB OTG mode controller at fa0ab000 using DMA, IRQ 92
[   22.178619] musb_hdrc musb_hdrc: MUSB HDRC host driver
[   22.178802] musb_hdrc musb_hdrc: new USB bus registered, assigned bus number 1
[   22.179016] usb usb1: New USB device found, idVendor=1d6b, idProduct=0002
[   22.179077] usb usb1: New USB device strings: Mfr=3, Product=2, SerialNumber=1
[   22.179138] usb usb1: Product: MUSB HDRC host driver
[   22.179260] usb usb1: Manufacturer: Linux 2.6.32 musb-hcd
[   22.179321] usb usb1: SerialNumber: musb_hdrc
[   22.180084] hub 1-0:1.0: USB hub found
[   22.180175] hub 1-0:1.0: 1 port detected
[   22.181488] NET: Registered protocol family 2
[   22.181793] IP route cache hash table entries: 2048 (order: 1, 8192 bytes)
[   22.182495] TCP established hash table entries: 8192 (order: 4, 65536 bytes)
[   22.182769] TCP bind hash table entries: 8192 (order: 3, 32768 bytes)
[   22.182952] TCP: Hash tables configured (established 8192 bind 8192)
[   22.182983] TCP reno registered
[   22.183044] UDP hash table entries: 256 (order: 0, 4096 bytes)
[   22.183105] UDP-Lite hash table entries: 256 (order: 0, 4096 bytes)
[   22.183441] NET: Registered protocol family 1
[   22.184020] RPC: Registered udp transport module.
[   22.184051] RPC: Registered tcp transport module.
[   22.184112] RPC: Registered tcp NFSv4.1 backchannel transport module.
[   22.184478] Trying to unpack rootfs image as initramfs...
[   22.187896] rootfs image is not initramfs (no cpio magic); looks like an initrd
[   22.382080] Freeing initrd memory: 32768K
[   22.383148] omap-iommu omap-iommu.0: isp registered
[   22.385345] VFS: Disk quotas dquot_6.5.2
[   22.385498] Dquot-cache hash table entries: 1024 (order 0, 4096 bytes)
[   22.386871] squashfs: version 4.0 (2009/01/31) Phillip Lougher
[   22.388000] JFFS2 version 2.2. (NAND) (SUMMARY)  B) 2001-2006 Red Hat, Inc.
[   22.389068] msgmni has been set to 404
[   22.394561] alg: No test for stdrng (krng)
[   22.394958] Block layer SCSI generic (bsg) driver version 0.4 loaded (major 254)
[   22.395019] io scheduler noop registered
[   22.395050] io scheduler deadline registered
[   22.395263] io scheduler cfq registered (default)
[   22.452697] OMAP DSS rev 2.0
[   22.452789] OMAP DISPC rev 3.0
[   22.452880] OMAP VENC rev 2
[   22.453216] OMAP DSI rev 1.0
[   22.793548] Serial: 8250/16550 driver, 4 ports, IRQ sharing enabled
[   22.815246] serial8250.0: ttyS0 at MMIO 0x4806a000 (irq = 72) is a ST16654
[   22.836029] serial8250.1: ttyS1 at MMIO 0x4806c000 (irq = 73) is a ST16654
[   22.856750] serial8250.2: ttyS2 at MMIO 0x49020000 (irq = 74) is a ST16654
[   23.424682] console [ttyS2] enabled
[   23.437133] brd: module loaded
[   23.444610] loop: module loaded
[   23.449249] omap2-nand driver initializing
[   23.453765] NAND device: Manufacturer ID: 0x2c, Chip ID: 0xba (Micron NAND 256MiB 1,8V 16-bit)
[   23.463073] cmdlinepart partition parsing not available
[   23.468414] Creating 5 MTD partitions on &quot;omap2-nand&quot;:
[   23.473632] 0x000000000000-0x000000080000 : &quot;X-Loader&quot;
[   23.480285] 0x000000080000-0x000000260000 : &quot;U-Boot&quot;
[   23.487091] 0x000000260000-0x000000280000 : &quot;U-Boot Env&quot;
[   23.493438] 0x000000280000-0x000000680000 : &quot;Kernel&quot;
[   23.501098] 0x000000680000-0x000010000000 : &quot;File System&quot;
[   23.613983] usbcore: registered new interface driver catc
[   23.619506] catc: v2.8:CATC EL1210A NetMate USB Ethernet driver
[   23.625640] usbcore: registered new interface driver kaweth
[   23.631286] pegasus: v0.6.14 (2006/09/27), Pegasus/Pegasus II USB Ethernet driver
[   23.639007] usbcore: registered new interface driver pegasus
[   23.644775] rtl8150: v0.6.2 (2004/08/27):rtl8150 based usb-ethernet driver
[   23.651885] usbcore: registered new interface driver rtl8150
[   23.657745] usbcore: registered new interface driver asix
[   23.663299] usbcore: registered new interface driver cdc_ether
[   23.669342] usbcore: registered new interface driver cdc_eem
[   23.675201] usbcore: registered new interface driver dm9601
[   23.681030] usbcore: registered new interface driver smsc95xx
[   23.686981] usbcore: registered new interface driver gl620a
[   23.692718] usbcore: registered new interface driver net1080
[   23.698577] usbcore: registered new interface driver plusb
[   23.704284] usbcore: registered new interface driver rndis_host
[   23.710357] usbcore: registered new interface driver cdc_subset
[   23.716491] usbcore: registered new interface driver zaurus
[   23.722290] usbcore: registered new interface driver MOSCHIP usb-ethernet driver
[   23.730621] ehci_hcd: USB 2.0 &apos;Enhanced&apos; Host Controller (EHCI) Driver
[   23.737609] ehci-omap ehci-omap.0: OMAP-EHCI Host Controller
[   23.743804] ehci-omap ehci-omap.0: new USB bus registered, assigned bus number 2
[   23.751525] ehci-omap ehci-omap.0: irq 77, io mem 0x48064800
[   23.772949] ehci-omap ehci-omap.0: USB 2.0 started, EHCI 1.00
[   23.778900] usb usb2: New USB device found, idVendor=1d6b, idProduct=0002
[   23.785827] usb usb2: New USB device strings: Mfr=3, Product=2, SerialNumber=1
[   23.793151] usb usb2: Product: OMAP-EHCI Host Controller
[   23.798553] usb usb2: Manufacturer: Linux 2.6.32 ehci_hcd
[   23.804016] usb usb2: SerialNumber: ehci-omap.0
[   23.809448] hub 2-0:1.0: USB hub found
[   23.813354] hub 2-0:1.0: 3 ports detected
[   23.843383] Initializing USB Mass Storage driver...
[   23.848510] usbcore: registered new interface driver usb-storage
[   23.854644] USB Mass Storage support registered.
[   23.859863] mice: PS/2 mouse device common for all mice
[   23.865661] input: gpio-keys as /devices/platform/gpio-keys/input/input0
[   23.873779] input: twl4030_pwrbutton as /devices/platform/i2c_omap.1/i2c-1/1-0049/twl4030_pwrbutton/input/input1
[   23.884704] i2c /dev entries driver
[   23.889038] Linux video capture interface: v2.00
[   23.894104] omap-iommu omap-iommu.0: isp: version 1.1
[   23.901000] vpfe_init
[   23.904022] OMAP Watchdog Timer Rev 0x31: initial timeout 60 sec
[   24.015411] mmci-omap-hs mmci-omap-hs.1: err -16 configuring card detect
[   24.022583] Registered led device: beagleboard::usr0
[   24.027832] Registered led device: beagleboard::usr1
[   24.034057] Registered led device: beagleboard::pmu_stat
[   24.041931] usbcore: registered new interface driver usbhid
[   24.047637] usbhid: USB HID core driver
[   24.051757] Advanced Linux Sound Architecture Driver Version 1.0.21.
[   24.058898] usbcore: registered new interface driver snd-usb-audio
[   24.126281] No device for DAI omap-mcbsp-dai-0
[   24.130767] No device for DAI omap-mcbsp-dai-1
[   24.135314] No device for DAI omap-mcbsp-dai-2
[   24.139801] No device for DAI omap-mcbsp-dai-3
[   24.144348] No device for DAI omap-mcbsp-dai-4
[   24.148895] OMAP3 Beagle SoC init
[   24.154022] asoc: twl4030 &amp;lt;-&gt; omap-mcbsp-dai-0 mapping ok
[   24.167602] ALSA device list:
[   24.170654]   #0: omap3beagle (twl4030)
[   24.174713] oprofile: using arm/armv7
[   24.178680] TCP cubic registered
[   24.182006] NET: Registered protocol family 17
[   24.186553] NET: Registered protocol family 15
[   24.191223] lib80211: common routines for IEEE802.11 drivers
[   24.197021] ThumbEE CPU extension supported.
[   24.201324] Power Management for TI OMAP3.
[   24.206451] ------------[ cut here ]------------
[   24.211151] WARNING: at arch/arm/mach-omap2/dpll.c:439 omap3_noncore_dpll_set_rate+0x228/0x26c()
[   24.220001] Modules linked in:
[   24.223144] [] (unwind_backtrace+0x0/0xdc) from [] (warn_slowpath_common+0x4c/0x80)
[   24.232604] [] (warn_slowpath_common+0x4c/0x80) from [] (omap3_noncore_dpll_set_rate+0x228/0x26c)
[   24.243316] [] (omap3_noncore_dpll_set_rate+0x228/0x26c) from [] (omap2_clk_set_rate+0x24/0x34)
[   24.253845] [] (omap2_clk_set_rate+0x24/0x34) from [] (clk_set_rate+0x4c/0xbc)
[   24.262908] [] (clk_set_rate+0x4c/0xbc) from [] (omap2_clk_set_freq+0x264/0x410)
[   24.272125] [] (omap2_clk_set_freq+0x264/0x410) from [] (omap3_sr_init+0xe0/0x174)
[   24.281524] [] (omap3_sr_init+0xe0/0x174) from [] (do_one_initcall+0x5c/0x1bc)
[   24.290557] [] (do_one_initcall+0x5c/0x1bc) from [] (kernel_init+0xa4/0x128)
[   24.299438] [] (kernel_init+0xa4/0x128) from [] (kernel_thread_exit+0x0/0x8)
[   24.308319] ---[ end trace 705f0ca8245b6012 ]---
[   24.313262] Switched to new clocking rate (Crystal/Core/MPU): 26.0/332/720 MHz
[   24.320587] IVA2 clocking rate: 520 MHz
[   24.499633] SmartReflex driver initialized
[   24.511444] VFP support v0.3: implementor 41 architecture 3 part 30 variant c rev 1
[   24.519927] registered taskstats version 1
[   24.525238] fbcvt: 640x480@60: CVT Name - .307M3-R
[   24.639648] Console: switching to colour frame buffer device 80x30
[   24.655548] regulator_init_complete: incomplete constraints, leaving VDAC on
[   24.665802] omap_vout omap_vout: probed for an unknown device
[   24.674560] RAMDISK: gzip image found at block 0
[   24.913787] mmc0: new high speed SDHC card at address 1234
[   24.929779] mmcblk0: mmc0:1234 SA04G 3.68 GiB
[   24.937042]  mmcblk0: p1 p2
[   26.240875] VFS: Mounted root (ext2 filesystem) on device 1:0.
[   26.249725] devtmpfs: mounted
[   26.255096] Freeing init memory: 204K
INIT: version 2.86 booting
mount: cannot read /etc/fstab: No such file or directory
Please wait: booting...
/etc/rcS.d/S10checkroot: line 24: can&apos;t open /etc/fstab: no such file
Caching udev devnodes
Populating dev cachemv: cannot rename &apos;/tmp/uname&apos;: No such file or directory
root: mount: cannot read /etc/fstab: No such file or directory
chown: unknown user/group root:root
chown: unknown user/group root:root
chown: unknown user/group root:root
chown: unknown user/group root:root
chown: unknown user/group root:root
chown: unknown user/group root:root
chown: unknown user/group root:root
chown: unknown user/group root:root
chown: unknown user/group root:root
chown: unknown user/group root:root
chown: unknown user/group root:root
grep: /proc/filesystems: No such file or directory
grep: /proc/mounts: No such file or directory
hwclock: can&apos;t open &apos;/dev/misc/rtc&apos;: No such file or directory
Sun May 23 19:22:00 UTC 2010
hwclock: can&apos;t open &apos;/dev/misc/rtc&apos;: No such file or directory
INIT: Entering runlevel: 5
Starting syslogd/klogd: start-stop-daemon: can&apos;t open &apos;/proc&apos;: No such file or directory

(none) login:&lt;/pre&gt;
 &lt;p&gt;Ah hah!  It seems to think the USER button is pressed.  I remember that u-boot bug.  It is fixed in a newer u-boot, but we can hack in a fix by loading boot.scr instead of user.scr.&lt;/p&gt;
 &lt;h3&gt;Here&apos;s the last set of commands to type into u-boot&lt;/h3&gt;
 &lt;pre&gt;OMAP3 beagleboard.org # setenv bootcmd &apos;mmc init;run loadbootscript; run bootscript&apos;
OMAP3 beagleboard.org # saveenv
Saving Environment to NAND...
Erasing Nand...
Erasing at 0x260000 -- 100% complete.
Writing to Nand... done&lt;/pre&gt;
 &lt;p&gt;If you reboot now, you should no longer get the ugly &quot;(none) login:&quot; that comes from running a ramdisk image that is too big to fit into memory.&lt;/p&gt;
</body>
    <http_language>en-us,en;q=0.8,en-gb;q=0.5,ja;q=0.3</http_language>
    <is_xhtml type="boolean">true</is_xhtml>
    <http_referer>http://beagleboard.org/challenge/edit</http_referer>
  </hopobject>
</xmlroot>
